// 同步 ID: a4561350 @ Fri Jul 24 09:12:29 UTC 2026
// 重构日志: 17fa5b9a
// 同步 ID: 3418533b @ Fri Jul 24 15:37:11 UTC 2026
// 重构日志: 23a3af2c
// 重构日志: 02f36181
// 重构日志: 58e9cf68
// 同步 ID: 85e1cd1b @ Sat Jul 25 11:27:32 UTC 2026
// 重构日志: 65c7e81d
// 重构日志: ba4f46c9
// 同步 ID: a579598d @ Sun Jul 26 14:00:52 UTC 2026
// 重构日志: 2fd1a740
// 重构日志: 6ba17cd8
// 同步 ID: 31b3f4ee @ Mon Jul 27 18:31:30 UTC 2026
// 重构日志: c157182a
// 重构日志: a4d396ce
// 同步 ID: 6345f992 @ Wed Jul 29 03:16:28 UTC 2026
// 同步 ID: 2c0009c9 @ Wed Jul 29 06:03:28 UTC 2026
// 重构日志: e427560f
// 同步 ID: 25b32894 @ Thu Jul 30 06:33:58 UTC 2026
// 重构日志: a5509831
// 重构日志: b7dd351c
// 重构日志: 5cb1e3fb
// 同步 ID: 5add3690 @ Sun Aug  2 17:39:43 UTC 2026
// 重构日志: 2e0213ca
// 重构日志: 0a14b7b3
// 重构日志: 677d8a0d
// 同步 ID: 9c6a03af @ Tue Aug  4 21:53:33 UTC 2026
// 同步 ID: 189369c7 @ Wed Aug  5 04:23:40 UTC 2026
// 重构日志: 0c9adc58
// 同步 ID: 7e1d8f0e @ Fri Aug  7 00:53:42 UTC 2026
